2025-10-14 21:22:38,687 - SchedulerService - INFO - ======================================================================
2025-10-14 21:22:38,688 - SchedulerService - INFO - 🚀 SERVIÇO DE JOBS AUTOMÁTICOS
2025-10-14 21:22:38,688 - SchedulerService - INFO - ======================================================================
2025-10-14 21:22:38,688 - SchedulerService - INFO - ⚙️  Configurando jobs...
2025-10-14 21:22:38,697 - apscheduler.scheduler - INFO - Adding job tentatively -- it will be properly scheduled when the scheduler starts
2025-10-14 21:22:38,706 - SchedulerService - INFO - ✅ Job 'consultar_notas' configurado: a cada 1 minutos
2025-10-14 21:22:38,707 - apscheduler.scheduler - INFO - Adding job tentatively -- it will be properly scheduled when the scheduler starts
2025-10-14 21:22:38,712 - SchedulerService - INFO - ✅ Job 'enviar_api' configurado: a cada 100 minutos
2025-10-14 21:22:38,712 - SchedulerService - INFO - ✅ Configuração de jobs concluída
2025-10-14 21:22:38,713 - apscheduler.scheduler - INFO - Added job "consultar_notas" to job store "default"
2025-10-14 21:22:38,713 - apscheduler.scheduler - INFO - Added job "enviar_api" to job store "default"
2025-10-14 21:22:38,713 - apscheduler.scheduler - INFO - Scheduler started
2025-10-14 21:22:38,713 - SchedulerService - INFO - ✅ Scheduler iniciado
2025-10-14 21:22:38,713 - SchedulerService - INFO - ======================================================================
2025-10-14 21:22:38,713 - SchedulerService - INFO - 📊 Jobs configurados:
2025-10-14 21:22:38,713 - SchedulerService - INFO -    - consultar_notas: próxima execução em 2025-10-14 21:23:38.697165-03:00
2025-10-14 21:22:38,713 - SchedulerService - INFO -    - enviar_api: próxima execução em 2025-10-14 23:02:38.707024-03:00
2025-10-14 21:22:38,713 - SchedulerService - INFO - ======================================================================
2025-10-14 21:22:38,713 - SchedulerService - INFO - 
💡 Comandos:
2025-10-14 21:22:38,713 - SchedulerService - INFO -    - Para parar: Ctrl+C ou kill <PID>
2025-10-14 21:22:38,713 - SchedulerService - INFO -    - Para recarregar config: kill -HUP <PID>
2025-10-14 21:22:38,713 - SchedulerService - INFO -    - Ver logs: tail -f scheduler.log
2025-10-14 21:22:38,713 - SchedulerService - INFO - 
🔄 Serviço rodando... (pressione Ctrl+C para parar)

2025-10-14 21:23:38,710 - apscheduler.executors.default - INFO - Running job "consultar_notas (trigger: interval[0:01:00], next run at: 2025-10-14 21:23:38 -03)" (scheduled at 2025-10-14 21:23:38.697165-03:00)
2025-10-14 21:23:38,711 - SchedulerService - INFO - 🔍 Iniciando job: consultar_notas
2025-10-14 21:23:49,403 - SchedulerService - INFO - ✅ consultar_notas: Job executado com sucesso
2025-10-14 21:23:49,404 - apscheduler.executors.default - INFO - Job "consultar_notas (trigger: interval[0:01:00], next run at: 2025-10-14 21:24:38 -03)" executed successfully
2025-10-14 21:24:38,702 - apscheduler.executors.default - INFO - Running job "consultar_notas (trigger: interval[0:01:00], next run at: 2025-10-14 21:25:38 -03)" (scheduled at 2025-10-14 21:24:38.697165-03:00)
2025-10-14 21:24:38,704 - SchedulerService - INFO - 🔍 Iniciando job: consultar_notas
2025-10-14 21:24:48,734 - SchedulerService - INFO - ✅ consultar_notas: Job executado com sucesso
2025-10-14 21:24:48,735 - apscheduler.executors.default - INFO - Job "consultar_notas (trigger: interval[0:01:00], next run at: 2025-10-14 21:25:38 -03)" executed successfully
2025-10-14 21:25:38,704 - apscheduler.executors.default - INFO - Running job "consultar_notas (trigger: interval[0:01:00], next run at: 2025-10-14 21:26:38 -03)" (scheduled at 2025-10-14 21:25:38.697165-03:00)
2025-10-14 21:25:38,707 - SchedulerService - INFO - 🔍 Iniciando job: consultar_notas
2025-10-14 21:25:48,349 - SchedulerService - INFO - ✅ consultar_notas: Job executado com sucesso
2025-10-14 21:25:48,350 - apscheduler.executors.default - INFO - Job "consultar_notas (trigger: interval[0:01:00], next run at: 2025-10-14 21:26:38 -03)" executed successfully
2025-10-14 21:26:38,703 - apscheduler.executors.default - INFO - Running job "consultar_notas (trigger: interval[0:01:00], next run at: 2025-10-14 21:27:38 -03)" (scheduled at 2025-10-14 21:26:38.697165-03:00)
2025-10-14 21:26:38,704 - SchedulerService - INFO - 🔍 Iniciando job: consultar_notas
2025-10-14 21:26:49,461 - SchedulerService - INFO - ✅ consultar_notas: Job executado com sucesso
2025-10-14 21:26:49,462 - apscheduler.executors.default - INFO - Job "consultar_notas (trigger: interval[0:01:00], next run at: 2025-10-14 21:27:38 -03)" executed successfully
2025-10-14 21:27:38,708 - apscheduler.executors.default - INFO - Running job "consultar_notas (trigger: interval[0:01:00], next run at: 2025-10-14 21:28:38 -03)" (scheduled at 2025-10-14 21:27:38.697165-03:00)
2025-10-14 21:27:38,711 - SchedulerService - INFO - 🔍 Iniciando job: consultar_notas
2025-10-14 21:27:48,393 - SchedulerService - INFO - ✅ consultar_notas: Job executado com sucesso
2025-10-14 21:27:48,394 - apscheduler.executors.default - INFO - Job "consultar_notas (trigger: interval[0:01:00], next run at: 2025-10-14 21:28:38 -03)" executed successfully
2025-10-14 21:28:38,703 - apscheduler.executors.default - INFO - Running job "consultar_notas (trigger: interval[0:01:00], next run at: 2025-10-14 21:29:38 -03)" (scheduled at 2025-10-14 21:28:38.697165-03:00)
2025-10-14 21:28:38,705 - SchedulerService - INFO - 🔍 Iniciando job: consultar_notas
2025-10-14 21:28:48,665 - SchedulerService - INFO - ✅ consultar_notas: Job executado com sucesso
2025-10-14 21:28:48,666 - apscheduler.executors.default - INFO - Job "consultar_notas (trigger: interval[0:01:00], next run at: 2025-10-14 21:29:38 -03)" executed successfully
2025-10-14 21:29:38,706 - apscheduler.executors.default - INFO - Running job "consultar_notas (trigger: interval[0:01:00], next run at: 2025-10-14 21:30:38 -03)" (scheduled at 2025-10-14 21:29:38.697165-03:00)
2025-10-14 21:29:38,708 - SchedulerService - INFO - 🔍 Iniciando job: consultar_notas
2025-10-14 21:29:48,420 - SchedulerService - INFO - ✅ consultar_notas: Job executado com sucesso
2025-10-14 21:29:48,420 - apscheduler.executors.default - INFO - Job "consultar_notas (trigger: interval[0:01:00], next run at: 2025-10-14 21:30:38 -03)" executed successfully
2025-10-14 21:30:38,707 - apscheduler.executors.default - INFO - Running job "consultar_notas (trigger: interval[0:01:00], next run at: 2025-10-14 21:31:38 -03)" (scheduled at 2025-10-14 21:30:38.697165-03:00)
2025-10-14 21:30:38,710 - SchedulerService - INFO - 🔍 Iniciando job: consultar_notas
2025-10-14 21:30:48,327 - SchedulerService - INFO - ✅ consultar_notas: Job executado com sucesso
2025-10-14 21:30:48,328 - apscheduler.executors.default - INFO - Job "consultar_notas (trigger: interval[0:01:00], next run at: 2025-10-14 21:31:38 -03)" executed successfully
2025-10-14 21:31:38,707 - apscheduler.executors.default - INFO - Running job "consultar_notas (trigger: interval[0:01:00], next run at: 2025-10-14 21:32:38 -03)" (scheduled at 2025-10-14 21:31:38.697165-03:00)
2025-10-14 21:31:38,710 - SchedulerService - INFO - 🔍 Iniciando job: consultar_notas
2025-10-14 21:31:48,373 - SchedulerService - INFO - ✅ consultar_notas: Job executado com sucesso
2025-10-14 21:31:48,374 - apscheduler.executors.default - INFO - Job "consultar_notas (trigger: interval[0:01:00], next run at: 2025-10-14 21:32:38 -03)" executed successfully
2025-10-14 21:32:38,708 - apscheduler.executors.default - INFO - Running job "consultar_notas (trigger: interval[0:01:00], next run at: 2025-10-14 21:33:38 -03)" (scheduled at 2025-10-14 21:32:38.697165-03:00)
2025-10-14 21:32:38,711 - SchedulerService - INFO - 🔍 Iniciando job: consultar_notas
2025-10-14 21:32:48,614 - SchedulerService - INFO - ✅ consultar_notas: Job executado com sucesso
2025-10-14 21:32:48,615 - apscheduler.executors.default - INFO - Job "consultar_notas (trigger: interval[0:01:00], next run at: 2025-10-14 21:33:38 -03)" executed successfully
2025-10-14 21:33:38,704 - apscheduler.executors.default - INFO - Running job "consultar_notas (trigger: interval[0:01:00], next run at: 2025-10-14 21:34:38 -03)" (scheduled at 2025-10-14 21:33:38.697165-03:00)
2025-10-14 21:33:38,705 - SchedulerService - INFO - 🔍 Iniciando job: consultar_notas
2025-10-14 21:33:48,766 - SchedulerService - INFO - ✅ consultar_notas: Job executado com sucesso
2025-10-14 21:33:48,766 - apscheduler.executors.default - INFO - Job "consultar_notas (trigger: interval[0:01:00], next run at: 2025-10-14 21:34:38 -03)" executed successfully
2025-10-14 21:34:38,707 - apscheduler.executors.default - INFO - Running job "consultar_notas (trigger: interval[0:01:00], next run at: 2025-10-14 21:35:38 -03)" (scheduled at 2025-10-14 21:34:38.697165-03:00)
2025-10-14 21:34:38,709 - SchedulerService - INFO - 🔍 Iniciando job: consultar_notas
2025-10-14 21:34:48,361 - SchedulerService - INFO - ✅ consultar_notas: Job executado com sucesso
2025-10-14 21:34:48,362 - apscheduler.executors.default - INFO - Job "consultar_notas (trigger: interval[0:01:00], next run at: 2025-10-14 21:35:38 -03)" executed successfully
2025-10-14 21:35:38,708 - apscheduler.executors.default - INFO - Running job "consultar_notas (trigger: interval[0:01:00], next run at: 2025-10-14 21:36:38 -03)" (scheduled at 2025-10-14 21:35:38.697165-03:00)
2025-10-14 21:35:38,711 - SchedulerService - INFO - 🔍 Iniciando job: consultar_notas
2025-10-14 21:35:48,792 - SchedulerService - INFO - ✅ consultar_notas: Job executado com sucesso
2025-10-14 21:35:48,793 - apscheduler.executors.default - INFO - Job "consultar_notas (trigger: interval[0:01:00], next run at: 2025-10-14 21:36:38 -03)" executed successfully
2025-10-14 21:36:38,707 - apscheduler.executors.default - INFO - Running job "consultar_notas (trigger: interval[0:01:00], next run at: 2025-10-14 21:37:38 -03)" (scheduled at 2025-10-14 21:36:38.697165-03:00)
2025-10-14 21:36:38,709 - SchedulerService - INFO - 🔍 Iniciando job: consultar_notas
2025-10-14 21:36:48,576 - SchedulerService - INFO - ✅ consultar_notas: Job executado com sucesso
2025-10-14 21:36:48,576 - apscheduler.executors.default - INFO - Job "consultar_notas (trigger: interval[0:01:00], next run at: 2025-10-14 21:37:38 -03)" executed successfully
2025-10-14 21:37:38,698 - apscheduler.executors.default - INFO - Running job "consultar_notas (trigger: interval[0:01:00], next run at: 2025-10-14 21:38:38 -03)" (scheduled at 2025-10-14 21:37:38.697165-03:00)
2025-10-14 21:37:38,700 - SchedulerService - INFO - 🔍 Iniciando job: consultar_notas
2025-10-14 21:37:48,522 - SchedulerService - INFO - ✅ consultar_notas: Job executado com sucesso
2025-10-14 21:37:48,522 - apscheduler.executors.default - INFO - Job "consultar_notas (trigger: interval[0:01:00], next run at: 2025-10-14 21:38:38 -03)" executed successfully
2025-10-14 21:38:38,706 - apscheduler.executors.default - INFO - Running job "consultar_notas (trigger: interval[0:01:00], next run at: 2025-10-14 21:39:38 -03)" (scheduled at 2025-10-14 21:38:38.697165-03:00)
2025-10-14 21:38:38,707 - SchedulerService - INFO - 🔍 Iniciando job: consultar_notas
2025-10-14 21:38:48,357 - SchedulerService - INFO - ✅ consultar_notas: Job executado com sucesso
2025-10-14 21:38:48,358 - apscheduler.executors.default - INFO - Job "consultar_notas (trigger: interval[0:01:00], next run at: 2025-10-14 21:39:38 -03)" executed successfully
2025-10-14 21:39:38,706 - apscheduler.executors.default - INFO - Running job "consultar_notas (trigger: interval[0:01:00], next run at: 2025-10-14 21:40:38 -03)" (scheduled at 2025-10-14 21:39:38.697165-03:00)
2025-10-14 21:39:38,707 - SchedulerService - INFO - 🔍 Iniciando job: consultar_notas
2025-10-14 21:39:48,901 - SchedulerService - INFO - ✅ consultar_notas: Job executado com sucesso
2025-10-14 21:39:48,901 - apscheduler.executors.default - INFO - Job "consultar_notas (trigger: interval[0:01:00], next run at: 2025-10-14 21:40:38 -03)" executed successfully
2025-10-14 21:40:38,705 - apscheduler.executors.default - INFO - Running job "consultar_notas (trigger: interval[0:01:00], next run at: 2025-10-14 21:41:38 -03)" (scheduled at 2025-10-14 21:40:38.697165-03:00)
2025-10-14 21:40:38,706 - SchedulerService - INFO - 🔍 Iniciando job: consultar_notas
2025-10-14 21:40:48,364 - SchedulerService - INFO - ✅ consultar_notas: Job executado com sucesso
2025-10-14 21:40:48,365 - apscheduler.executors.default - INFO - Job "consultar_notas (trigger: interval[0:01:00], next run at: 2025-10-14 21:41:38 -03)" executed successfully
2025-10-14 21:41:38,703 - apscheduler.executors.default - INFO - Running job "consultar_notas (trigger: interval[0:01:00], next run at: 2025-10-14 21:42:38 -03)" (scheduled at 2025-10-14 21:41:38.697165-03:00)
2025-10-14 21:41:38,704 - SchedulerService - INFO - 🔍 Iniciando job: consultar_notas
2025-10-14 21:41:48,406 - SchedulerService - INFO - ✅ consultar_notas: Job executado com sucesso
2025-10-14 21:41:48,407 - apscheduler.executors.default - INFO - Job "consultar_notas (trigger: interval[0:01:00], next run at: 2025-10-14 21:42:38 -03)" executed successfully
2025-10-14 21:42:38,700 - apscheduler.executors.default - INFO - Running job "consultar_notas (trigger: interval[0:01:00], next run at: 2025-10-14 21:43:38 -03)" (scheduled at 2025-10-14 21:42:38.697165-03:00)
2025-10-14 21:42:38,701 - SchedulerService - INFO - 🔍 Iniciando job: consultar_notas
2025-10-14 21:42:48,730 - SchedulerService - INFO - ✅ consultar_notas: Job executado com sucesso
2025-10-14 21:42:48,732 - apscheduler.executors.default - INFO - Job "consultar_notas (trigger: interval[0:01:00], next run at: 2025-10-14 21:43:38 -03)" executed successfully
2025-10-14 21:43:38,706 - apscheduler.executors.default - INFO - Running job "consultar_notas (trigger: interval[0:01:00], next run at: 2025-10-14 21:44:38 -03)" (scheduled at 2025-10-14 21:43:38.697165-03:00)
2025-10-14 21:43:38,707 - SchedulerService - INFO - 🔍 Iniciando job: consultar_notas
2025-10-14 21:43:48,339 - SchedulerService - INFO - ✅ consultar_notas: Job executado com sucesso
2025-10-14 21:43:48,339 - apscheduler.executors.default - INFO - Job "consultar_notas (trigger: interval[0:01:00], next run at: 2025-10-14 21:44:38 -03)" executed successfully
2025-10-14 21:44:38,708 - apscheduler.executors.default - INFO - Running job "consultar_notas (trigger: interval[0:01:00], next run at: 2025-10-14 21:45:38 -03)" (scheduled at 2025-10-14 21:44:38.697165-03:00)
2025-10-14 21:44:38,709 - SchedulerService - INFO - 🔍 Iniciando job: consultar_notas
2025-10-14 21:44:49,078 - SchedulerService - INFO - ✅ consultar_notas: Job executado com sucesso
2025-10-14 21:44:49,079 - apscheduler.executors.default - INFO - Job "consultar_notas (trigger: interval[0:01:00], next run at: 2025-10-14 21:45:38 -03)" executed successfully
2025-10-14 21:45:38,705 - apscheduler.executors.default - INFO - Running job "consultar_notas (trigger: interval[0:01:00], next run at: 2025-10-14 21:46:38 -03)" (scheduled at 2025-10-14 21:45:38.697165-03:00)
2025-10-14 21:45:38,707 - SchedulerService - INFO - 🔍 Iniciando job: consultar_notas
2025-10-14 21:45:48,437 - SchedulerService - INFO - ✅ consultar_notas: Job executado com sucesso
2025-10-14 21:45:48,438 - apscheduler.executors.default - INFO - Job "consultar_notas (trigger: interval[0:01:00], next run at: 2025-10-14 21:46:38 -03)" executed successfully
2025-10-14 21:46:38,708 - apscheduler.executors.default - INFO - Running job "consultar_notas (trigger: interval[0:01:00], next run at: 2025-10-14 21:47:38 -03)" (scheduled at 2025-10-14 21:46:38.697165-03:00)
2025-10-14 21:46:38,711 - SchedulerService - INFO - 🔍 Iniciando job: consultar_notas
2025-10-14 21:46:48,453 - SchedulerService - INFO - ✅ consultar_notas: Job executado com sucesso
2025-10-14 21:46:48,454 - apscheduler.executors.default - INFO - Job "consultar_notas (trigger: interval[0:01:00], next run at: 2025-10-14 21:47:38 -03)" executed successfully
2025-10-14 21:47:38,699 - apscheduler.executors.default - INFO - Running job "consultar_notas (trigger: interval[0:01:00], next run at: 2025-10-14 21:48:38 -03)" (scheduled at 2025-10-14 21:47:38.697165-03:00)
2025-10-14 21:47:38,701 - SchedulerService - INFO - 🔍 Iniciando job: consultar_notas
2025-10-14 21:47:48,532 - SchedulerService - INFO - ✅ consultar_notas: Job executado com sucesso
2025-10-14 21:47:48,532 - apscheduler.executors.default - INFO - Job "consultar_notas (trigger: interval[0:01:00], next run at: 2025-10-14 21:48:38 -03)" executed successfully
2025-10-14 21:48:38,712 - apscheduler.executors.default - INFO - Running job "consultar_notas (trigger: interval[0:01:00], next run at: 2025-10-14 21:49:38 -03)" (scheduled at 2025-10-14 21:48:38.697165-03:00)
2025-10-14 21:48:38,714 - SchedulerService - INFO - 🔍 Iniciando job: consultar_notas
2025-10-14 21:48:48,357 - SchedulerService - INFO - ✅ consultar_notas: Job executado com sucesso
2025-10-14 21:48:48,357 - apscheduler.executors.default - INFO - Job "consultar_notas (trigger: interval[0:01:00], next run at: 2025-10-14 21:49:38 -03)" executed successfully
2025-10-14 21:49:38,701 - apscheduler.executors.default - INFO - Running job "consultar_notas (trigger: interval[0:01:00], next run at: 2025-10-14 21:50:38 -03)" (scheduled at 2025-10-14 21:49:38.697165-03:00)
2025-10-14 21:49:38,703 - SchedulerService - INFO - 🔍 Iniciando job: consultar_notas
2025-10-14 21:49:48,501 - SchedulerService - INFO - ✅ consultar_notas: Job executado com sucesso
2025-10-14 21:49:48,502 - apscheduler.executors.default - INFO - Job "consultar_notas (trigger: interval[0:01:00], next run at: 2025-10-14 21:50:38 -03)" executed successfully
2025-10-14 21:50:38,703 - apscheduler.executors.default - INFO - Running job "consultar_notas (trigger: interval[0:01:00], next run at: 2025-10-14 21:51:38 -03)" (scheduled at 2025-10-14 21:50:38.697165-03:00)
2025-10-14 21:50:38,705 - SchedulerService - INFO - 🔍 Iniciando job: consultar_notas
2025-10-14 21:50:48,568 - SchedulerService - INFO - ✅ consultar_notas: Job executado com sucesso
2025-10-14 21:50:48,569 - apscheduler.executors.default - INFO - Job "consultar_notas (trigger: interval[0:01:00], next run at: 2025-10-14 21:51:38 -03)" executed successfully
2025-10-14 21:51:38,701 - apscheduler.executors.default - INFO - Running job "consultar_notas (trigger: interval[0:01:00], next run at: 2025-10-14 21:52:38 -03)" (scheduled at 2025-10-14 21:51:38.697165-03:00)
2025-10-14 21:51:38,702 - SchedulerService - INFO - 🔍 Iniciando job: consultar_notas
2025-10-14 21:51:48,614 - SchedulerService - INFO - ✅ consultar_notas: Job executado com sucesso
2025-10-14 21:51:48,615 - apscheduler.executors.default - INFO - Job "consultar_notas (trigger: interval[0:01:00], next run at: 2025-10-14 21:52:38 -03)" executed successfully
2025-10-14 21:52:38,706 - apscheduler.executors.default - INFO - Running job "consultar_notas (trigger: interval[0:01:00], next run at: 2025-10-14 21:53:38 -03)" (scheduled at 2025-10-14 21:52:38.697165-03:00)
2025-10-14 21:52:38,708 - SchedulerService - INFO - 🔍 Iniciando job: consultar_notas
2025-10-14 21:52:48,402 - SchedulerService - INFO - ✅ consultar_notas: Job executado com sucesso
2025-10-14 21:52:48,402 - apscheduler.executors.default - INFO - Job "consultar_notas (trigger: interval[0:01:00], next run at: 2025-10-14 21:53:38 -03)" executed successfully
2025-10-14 21:53:38,709 - apscheduler.executors.default - INFO - Running job "consultar_notas (trigger: interval[0:01:00], next run at: 2025-10-14 21:54:38 -03)" (scheduled at 2025-10-14 21:53:38.697165-03:00)
2025-10-14 21:53:38,714 - SchedulerService - INFO - 🔍 Iniciando job: consultar_notas
2025-10-14 21:53:48,323 - SchedulerService - INFO - ✅ consultar_notas: Job executado com sucesso
2025-10-14 21:53:48,323 - apscheduler.executors.default - INFO - Job "consultar_notas (trigger: interval[0:01:00], next run at: 2025-10-14 21:54:38 -03)" executed successfully
2025-10-14 21:54:38,702 - apscheduler.executors.default - INFO - Running job "consultar_notas (trigger: interval[0:01:00], next run at: 2025-10-14 21:55:38 -03)" (scheduled at 2025-10-14 21:54:38.697165-03:00)
2025-10-14 21:54:38,704 - SchedulerService - INFO - 🔍 Iniciando job: consultar_notas
2025-10-14 21:54:48,348 - SchedulerService - INFO - ✅ consultar_notas: Job executado com sucesso
2025-10-14 21:54:48,348 - apscheduler.executors.default - INFO - Job "consultar_notas (trigger: interval[0:01:00], next run at: 2025-10-14 21:55:38 -03)" executed successfully
2025-10-14 21:55:38,710 - apscheduler.executors.default - INFO - Running job "consultar_notas (trigger: interval[0:01:00], next run at: 2025-10-14 21:56:38 -03)" (scheduled at 2025-10-14 21:55:38.697165-03:00)
2025-10-14 21:55:38,715 - SchedulerService - INFO - 🔍 Iniciando job: consultar_notas
2025-10-14 21:55:48,558 - SchedulerService - INFO - ✅ consultar_notas: Job executado com sucesso
2025-10-14 21:55:48,559 - apscheduler.executors.default - INFO - Job "consultar_notas (trigger: interval[0:01:00], next run at: 2025-10-14 21:56:38 -03)" executed successfully
2025-10-14 21:56:38,704 - apscheduler.executors.default - INFO - Running job "consultar_notas (trigger: interval[0:01:00], next run at: 2025-10-14 21:57:38 -03)" (scheduled at 2025-10-14 21:56:38.697165-03:00)
2025-10-14 21:56:38,707 - SchedulerService - INFO - 🔍 Iniciando job: consultar_notas
2025-10-14 21:56:48,414 - SchedulerService - INFO - ✅ consultar_notas: Job executado com sucesso
2025-10-14 21:56:48,415 - apscheduler.executors.default - INFO - Job "consultar_notas (trigger: interval[0:01:00], next run at: 2025-10-14 21:57:38 -03)" executed successfully
2025-10-14 21:57:38,705 - apscheduler.executors.default - INFO - Running job "consultar_notas (trigger: interval[0:01:00], next run at: 2025-10-14 21:58:38 -03)" (scheduled at 2025-10-14 21:57:38.697165-03:00)
2025-10-14 21:57:38,708 - SchedulerService - INFO - 🔍 Iniciando job: consultar_notas
2025-10-14 21:57:48,501 - SchedulerService - INFO - ✅ consultar_notas: Job executado com sucesso
2025-10-14 21:57:48,501 - apscheduler.executors.default - INFO - Job "consultar_notas (trigger: interval[0:01:00], next run at: 2025-10-14 21:58:38 -03)" executed successfully
2025-10-14 21:58:38,706 - apscheduler.executors.default - INFO - Running job "consultar_notas (trigger: interval[0:01:00], next run at: 2025-10-14 21:59:38 -03)" (scheduled at 2025-10-14 21:58:38.697165-03:00)
2025-10-14 21:58:38,707 - SchedulerService - INFO - 🔍 Iniciando job: consultar_notas
2025-10-14 21:58:48,940 - SchedulerService - INFO - ✅ consultar_notas: Job executado com sucesso
2025-10-14 21:58:48,940 - apscheduler.executors.default - INFO - Job "consultar_notas (trigger: interval[0:01:00], next run at: 2025-10-14 21:59:38 -03)" executed successfully
2025-10-14 21:59:38,701 - apscheduler.executors.default - INFO - Running job "consultar_notas (trigger: interval[0:01:00], next run at: 2025-10-14 22:00:38 -03)" (scheduled at 2025-10-14 21:59:38.697165-03:00)
2025-10-14 21:59:38,702 - SchedulerService - INFO - 🔍 Iniciando job: consultar_notas
2025-10-14 21:59:48,884 - SchedulerService - INFO - ✅ consultar_notas: Job executado com sucesso
2025-10-14 21:59:48,884 - apscheduler.executors.default - INFO - Job "consultar_notas (trigger: interval[0:01:00], next run at: 2025-10-14 22:00:38 -03)" executed successfully
2025-10-14 22:00:38,708 - apscheduler.executors.default - INFO - Running job "consultar_notas (trigger: interval[0:01:00], next run at: 2025-10-14 22:01:38 -03)" (scheduled at 2025-10-14 22:00:38.697165-03:00)
2025-10-14 22:00:38,710 - SchedulerService - INFO - 🔍 Iniciando job: consultar_notas
2025-10-14 22:00:48,342 - SchedulerService - INFO - ✅ consultar_notas: Job executado com sucesso
2025-10-14 22:00:48,342 - apscheduler.executors.default - INFO - Job "consultar_notas (trigger: interval[0:01:00], next run at: 2025-10-14 22:01:38 -03)" executed successfully
2025-10-14 22:01:38,706 - apscheduler.executors.default - INFO - Running job "consultar_notas (trigger: interval[0:01:00], next run at: 2025-10-14 22:02:38 -03)" (scheduled at 2025-10-14 22:01:38.697165-03:00)
2025-10-14 22:01:38,707 - SchedulerService - INFO - 🔍 Iniciando job: consultar_notas
2025-10-14 22:01:48,384 - SchedulerService - INFO - ✅ consultar_notas: Job executado com sucesso
2025-10-14 22:01:48,385 - apscheduler.executors.default - INFO - Job "consultar_notas (trigger: interval[0:01:00], next run at: 2025-10-14 22:02:38 -03)" executed successfully
2025-10-14 22:02:38,700 - apscheduler.executors.default - INFO - Running job "consultar_notas (trigger: interval[0:01:00], next run at: 2025-10-14 22:03:38 -03)" (scheduled at 2025-10-14 22:02:38.697165-03:00)
2025-10-14 22:02:38,703 - SchedulerService - INFO - 🔍 Iniciando job: consultar_notas
2025-10-14 22:02:48,424 - SchedulerService - INFO - ✅ consultar_notas: Job executado com sucesso
2025-10-14 22:02:48,425 - apscheduler.executors.default - INFO - Job "consultar_notas (trigger: interval[0:01:00], next run at: 2025-10-14 22:03:38 -03)" executed successfully
2025-10-14 22:03:38,707 - apscheduler.executors.default - INFO - Running job "consultar_notas (trigger: interval[0:01:00], next run at: 2025-10-14 22:04:38 -03)" (scheduled at 2025-10-14 22:03:38.697165-03:00)
2025-10-14 22:03:38,708 - SchedulerService - INFO - 🔍 Iniciando job: consultar_notas
2025-10-14 22:03:48,873 - SchedulerService - INFO - ✅ consultar_notas: Job executado com sucesso
2025-10-14 22:03:48,874 - apscheduler.executors.default - INFO - Job "consultar_notas (trigger: interval[0:01:00], next run at: 2025-10-14 22:04:38 -03)" executed successfully
2025-10-14 22:04:38,705 - apscheduler.executors.default - INFO - Running job "consultar_notas (trigger: interval[0:01:00], next run at: 2025-10-14 22:05:38 -03)" (scheduled at 2025-10-14 22:04:38.697165-03:00)
2025-10-14 22:04:38,708 - SchedulerService - INFO - 🔍 Iniciando job: consultar_notas
2025-10-14 22:04:48,491 - SchedulerService - INFO - ✅ consultar_notas: Job executado com sucesso
2025-10-14 22:04:48,492 - apscheduler.executors.default - INFO - Job "consultar_notas (trigger: interval[0:01:00], next run at: 2025-10-14 22:05:38 -03)" executed successfully
2025-10-14 22:05:38,705 - apscheduler.executors.default - INFO - Running job "consultar_notas (trigger: interval[0:01:00], next run at: 2025-10-14 22:06:38 -03)" (scheduled at 2025-10-14 22:05:38.697165-03:00)
2025-10-14 22:05:38,706 - SchedulerService - INFO - 🔍 Iniciando job: consultar_notas
2025-10-14 22:05:48,816 - SchedulerService - INFO - ✅ consultar_notas: Job executado com sucesso
2025-10-14 22:05:48,816 - apscheduler.executors.default - INFO - Job "consultar_notas (trigger: interval[0:01:00], next run at: 2025-10-14 22:06:38 -03)" executed successfully
2025-10-14 22:06:38,708 - apscheduler.executors.default - INFO - Running job "consultar_notas (trigger: interval[0:01:00], next run at: 2025-10-14 22:07:38 -03)" (scheduled at 2025-10-14 22:06:38.697165-03:00)
2025-10-14 22:06:38,711 - SchedulerService - INFO - 🔍 Iniciando job: consultar_notas
2025-10-14 22:06:48,494 - SchedulerService - INFO - ✅ consultar_notas: Job executado com sucesso
2025-10-14 22:06:48,495 - apscheduler.executors.default - INFO - Job "consultar_notas (trigger: interval[0:01:00], next run at: 2025-10-14 22:07:38 -03)" executed successfully
2025-10-14 22:07:38,705 - apscheduler.executors.default - INFO - Running job "consultar_notas (trigger: interval[0:01:00], next run at: 2025-10-14 22:08:38 -03)" (scheduled at 2025-10-14 22:07:38.697165-03:00)
2025-10-14 22:07:38,706 - SchedulerService - INFO - 🔍 Iniciando job: consultar_notas
2025-10-14 22:07:48,418 - SchedulerService - INFO - ✅ consultar_notas: Job executado com sucesso
2025-10-14 22:07:48,418 - apscheduler.executors.default - INFO - Job "consultar_notas (trigger: interval[0:01:00], next run at: 2025-10-14 22:08:38 -03)" executed successfully
2025-10-14 22:08:38,705 - apscheduler.executors.default - INFO - Running job "consultar_notas (trigger: interval[0:01:00], next run at: 2025-10-14 22:09:38 -03)" (scheduled at 2025-10-14 22:08:38.697165-03:00)
2025-10-14 22:08:38,707 - SchedulerService - INFO - 🔍 Iniciando job: consultar_notas
2025-10-14 22:08:48,470 - SchedulerService - INFO - ✅ consultar_notas: Job executado com sucesso
2025-10-14 22:08:48,470 - apscheduler.executors.default - INFO - Job "consultar_notas (trigger: interval[0:01:00], next run at: 2025-10-14 22:09:38 -03)" executed successfully
2025-10-14 22:09:38,698 - apscheduler.executors.default - INFO - Running job "consultar_notas (trigger: interval[0:01:00], next run at: 2025-10-14 22:10:38 -03)" (scheduled at 2025-10-14 22:09:38.697165-03:00)
2025-10-14 22:09:38,700 - SchedulerService - INFO - 🔍 Iniciando job: consultar_notas
2025-10-14 22:09:48,400 - SchedulerService - INFO - ✅ consultar_notas: Job executado com sucesso
2025-10-14 22:09:48,401 - apscheduler.executors.default - INFO - Job "consultar_notas (trigger: interval[0:01:00], next run at: 2025-10-14 22:10:38 -03)" executed successfully
2025-10-14 22:10:38,701 - apscheduler.executors.default - INFO - Running job "consultar_notas (trigger: interval[0:01:00], next run at: 2025-10-14 22:11:38 -03)" (scheduled at 2025-10-14 22:10:38.697165-03:00)
2025-10-14 22:10:38,703 - SchedulerService - INFO - 🔍 Iniciando job: consultar_notas
2025-10-14 22:10:49,516 - SchedulerService - INFO - ✅ consultar_notas: Job executado com sucesso
2025-10-14 22:10:49,517 - apscheduler.executors.default - INFO - Job "consultar_notas (trigger: interval[0:01:00], next run at: 2025-10-14 22:11:38 -03)" executed successfully
2025-10-14 22:11:38,704 - apscheduler.executors.default - INFO - Running job "consultar_notas (trigger: interval[0:01:00], next run at: 2025-10-14 22:12:38 -03)" (scheduled at 2025-10-14 22:11:38.697165-03:00)
2025-10-14 22:11:38,706 - SchedulerService - INFO - 🔍 Iniciando job: consultar_notas
2025-10-14 22:11:48,392 - SchedulerService - INFO - ✅ consultar_notas: Job executado com sucesso
2025-10-14 22:11:48,393 - apscheduler.executors.default - INFO - Job "consultar_notas (trigger: interval[0:01:00], next run at: 2025-10-14 22:12:38 -03)" executed successfully
2025-10-14 22:12:38,709 - apscheduler.executors.default - INFO - Running job "consultar_notas (trigger: interval[0:01:00], next run at: 2025-10-14 22:13:38 -03)" (scheduled at 2025-10-14 22:12:38.697165-03:00)
2025-10-14 22:12:38,712 - SchedulerService - INFO - 🔍 Iniciando job: consultar_notas
2025-10-14 22:12:48,793 - SchedulerService - INFO - ✅ consultar_notas: Job executado com sucesso
2025-10-14 22:12:48,794 - apscheduler.executors.default - INFO - Job "consultar_notas (trigger: interval[0:01:00], next run at: 2025-10-14 22:13:38 -03)" executed successfully
2025-10-14 22:13:38,706 - apscheduler.executors.default - INFO - Running job "consultar_notas (trigger: interval[0:01:00], next run at: 2025-10-14 22:14:38 -03)" (scheduled at 2025-10-14 22:13:38.697165-03:00)
2025-10-14 22:13:38,708 - SchedulerService - INFO - 🔍 Iniciando job: consultar_notas
2025-10-14 22:13:48,406 - SchedulerService - INFO - ✅ consultar_notas: Job executado com sucesso
2025-10-14 22:13:48,407 - apscheduler.executors.default - INFO - Job "consultar_notas (trigger: interval[0:01:00], next run at: 2025-10-14 22:14:38 -03)" executed successfully
2025-10-14 22:14:38,705 - apscheduler.executors.default - INFO - Running job "consultar_notas (trigger: interval[0:01:00], next run at: 2025-10-14 22:15:38 -03)" (scheduled at 2025-10-14 22:14:38.697165-03:00)
2025-10-14 22:14:38,707 - SchedulerService - INFO - 🔍 Iniciando job: consultar_notas
2025-10-14 22:14:48,889 - SchedulerService - INFO - ✅ consultar_notas: Job executado com sucesso
2025-10-14 22:14:48,889 - apscheduler.executors.default - INFO - Job "consultar_notas (trigger: interval[0:01:00], next run at: 2025-10-14 22:15:38 -03)" executed successfully
2025-10-14 22:15:38,702 - apscheduler.executors.default - INFO - Running job "consultar_notas (trigger: interval[0:01:00], next run at: 2025-10-14 22:16:38 -03)" (scheduled at 2025-10-14 22:15:38.697165-03:00)
2025-10-14 22:15:38,703 - SchedulerService - INFO - 🔍 Iniciando job: consultar_notas
2025-10-14 22:15:48,617 - SchedulerService - INFO - ✅ consultar_notas: Job executado com sucesso
2025-10-14 22:15:48,618 - apscheduler.executors.default - INFO - Job "consultar_notas (trigger: interval[0:01:00], next run at: 2025-10-14 22:16:38 -03)" executed successfully
2025-10-14 22:16:38,700 - apscheduler.executors.default - INFO - Running job "consultar_notas (trigger: interval[0:01:00], next run at: 2025-10-14 22:17:38 -03)" (scheduled at 2025-10-14 22:16:38.697165-03:00)
2025-10-14 22:16:38,702 - SchedulerService - INFO - 🔍 Iniciando job: consultar_notas
2025-10-14 22:16:48,668 - SchedulerService - INFO - ✅ consultar_notas: Job executado com sucesso
2025-10-14 22:16:48,669 - apscheduler.executors.default - INFO - Job "consultar_notas (trigger: interval[0:01:00], next run at: 2025-10-14 22:17:38 -03)" executed successfully
2025-10-14 22:17:38,706 - apscheduler.executors.default - INFO - Running job "consultar_notas (trigger: interval[0:01:00], next run at: 2025-10-14 22:18:38 -03)" (scheduled at 2025-10-14 22:17:38.697165-03:00)
2025-10-14 22:17:38,708 - SchedulerService - INFO - 🔍 Iniciando job: consultar_notas
2025-10-14 22:17:50,216 - SchedulerService - INFO - ✅ consultar_notas: Job executado com sucesso
2025-10-14 22:17:50,217 - apscheduler.executors.default - INFO - Job "consultar_notas (trigger: interval[0:01:00], next run at: 2025-10-14 22:18:38 -03)" executed successfully
2025-10-14 22:18:38,707 - apscheduler.executors.default - INFO - Running job "consultar_notas (trigger: interval[0:01:00], next run at: 2025-10-14 22:19:38 -03)" (scheduled at 2025-10-14 22:18:38.697165-03:00)
2025-10-14 22:18:38,709 - SchedulerService - INFO - 🔍 Iniciando job: consultar_notas
2025-10-14 22:18:48,937 - SchedulerService - INFO - ✅ consultar_notas: Job executado com sucesso
2025-10-14 22:18:48,937 - apscheduler.executors.default - INFO - Job "consultar_notas (trigger: interval[0:01:00], next run at: 2025-10-14 22:19:38 -03)" executed successfully
2025-10-14 22:19:38,698 - apscheduler.executors.default - INFO - Running job "consultar_notas (trigger: interval[0:01:00], next run at: 2025-10-14 22:20:38 -03)" (scheduled at 2025-10-14 22:19:38.697165-03:00)
2025-10-14 22:19:38,700 - SchedulerService - INFO - 🔍 Iniciando job: consultar_notas
2025-10-14 22:19:48,928 - SchedulerService - INFO - ✅ consultar_notas: Job executado com sucesso
2025-10-14 22:19:48,929 - apscheduler.executors.default - INFO - Job "consultar_notas (trigger: interval[0:01:00], next run at: 2025-10-14 22:20:38 -03)" executed successfully
2025-10-14 22:20:38,699 - apscheduler.executors.default - INFO - Running job "consultar_notas (trigger: interval[0:01:00], next run at: 2025-10-14 22:21:38 -03)" (scheduled at 2025-10-14 22:20:38.697165-03:00)
2025-10-14 22:20:38,701 - SchedulerService - INFO - 🔍 Iniciando job: consultar_notas
2025-10-14 22:20:48,962 - SchedulerService - INFO - ✅ consultar_notas: Job executado com sucesso
2025-10-14 22:20:48,962 - apscheduler.executors.default - INFO - Job "consultar_notas (trigger: interval[0:01:00], next run at: 2025-10-14 22:21:38 -03)" executed successfully
2025-10-14 22:21:38,701 - apscheduler.executors.default - INFO - Running job "consultar_notas (trigger: interval[0:01:00], next run at: 2025-10-14 22:22:38 -03)" (scheduled at 2025-10-14 22:21:38.697165-03:00)
2025-10-14 22:21:38,703 - SchedulerService - INFO - 🔍 Iniciando job: consultar_notas
2025-10-14 22:21:49,702 - SchedulerService - INFO - ✅ consultar_notas: Job executado com sucesso
2025-10-14 22:21:49,702 - apscheduler.executors.default - INFO - Job "consultar_notas (trigger: interval[0:01:00], next run at: 2025-10-14 22:22:38 -03)" executed successfully
2025-10-14 22:22:38,702 - apscheduler.executors.default - INFO - Running job "consultar_notas (trigger: interval[0:01:00], next run at: 2025-10-14 22:23:38 -03)" (scheduled at 2025-10-14 22:22:38.697165-03:00)
2025-10-14 22:22:38,704 - SchedulerService - INFO - 🔍 Iniciando job: consultar_notas
2025-10-14 22:22:48,617 - SchedulerService - INFO - ✅ consultar_notas: Job executado com sucesso
2025-10-14 22:22:48,617 - apscheduler.executors.default - INFO - Job "consultar_notas (trigger: interval[0:01:00], next run at: 2025-10-14 22:23:38 -03)" executed successfully
2025-10-14 22:23:38,708 - apscheduler.executors.default - INFO - Running job "consultar_notas (trigger: interval[0:01:00], next run at: 2025-10-14 22:24:38 -03)" (scheduled at 2025-10-14 22:23:38.697165-03:00)
2025-10-14 22:23:38,710 - SchedulerService - INFO - 🔍 Iniciando job: consultar_notas
2025-10-14 22:23:48,618 - SchedulerService - INFO - ✅ consultar_notas: Job executado com sucesso
2025-10-14 22:23:48,618 - apscheduler.executors.default - INFO - Job "consultar_notas (trigger: interval[0:01:00], next run at: 2025-10-14 22:24:38 -03)" executed successfully
2025-10-14 22:24:38,704 - apscheduler.executors.default - INFO - Running job "consultar_notas (trigger: interval[0:01:00], next run at: 2025-10-14 22:25:38 -03)" (scheduled at 2025-10-14 22:24:38.697165-03:00)
2025-10-14 22:24:38,706 - SchedulerService - INFO - 🔍 Iniciando job: consultar_notas
2025-10-14 22:24:48,686 - SchedulerService - INFO - ✅ consultar_notas: Job executado com sucesso
2025-10-14 22:24:48,687 - apscheduler.executors.default - INFO - Job "consultar_notas (trigger: interval[0:01:00], next run at: 2025-10-14 22:25:38 -03)" executed successfully
2025-10-14 22:25:38,706 - apscheduler.executors.default - INFO - Running job "consultar_notas (trigger: interval[0:01:00], next run at: 2025-10-14 22:26:38 -03)" (scheduled at 2025-10-14 22:25:38.697165-03:00)
2025-10-14 22:25:38,709 - SchedulerService - INFO - 🔍 Iniciando job: consultar_notas
2025-10-14 22:25:48,902 - SchedulerService - INFO - ✅ consultar_notas: Job executado com sucesso
2025-10-14 22:25:48,903 - apscheduler.executors.default - INFO - Job "consultar_notas (trigger: interval[0:01:00], next run at: 2025-10-14 22:26:38 -03)" executed successfully
2025-10-14 22:26:38,705 - apscheduler.executors.default - INFO - Running job "consultar_notas (trigger: interval[0:01:00], next run at: 2025-10-14 22:27:38 -03)" (scheduled at 2025-10-14 22:26:38.697165-03:00)
2025-10-14 22:26:38,707 - SchedulerService - INFO - 🔍 Iniciando job: consultar_notas
2025-10-14 22:26:48,929 - SchedulerService - INFO - ✅ consultar_notas: Job executado com sucesso
2025-10-14 22:26:48,930 - apscheduler.executors.default - INFO - Job "consultar_notas (trigger: interval[0:01:00], next run at: 2025-10-14 22:27:38 -03)" executed successfully
2025-10-14 22:27:38,710 - apscheduler.executors.default - INFO - Running job "consultar_notas (trigger: interval[0:01:00], next run at: 2025-10-14 22:28:38 -03)" (scheduled at 2025-10-14 22:27:38.697165-03:00)
2025-10-14 22:27:38,713 - SchedulerService - INFO - 🔍 Iniciando job: consultar_notas
2025-10-14 22:27:48,700 - SchedulerService - INFO - ✅ consultar_notas: Job executado com sucesso
2025-10-14 22:27:48,700 - apscheduler.executors.default - INFO - Job "consultar_notas (trigger: interval[0:01:00], next run at: 2025-10-14 22:28:38 -03)" executed successfully
2025-10-14 22:28:38,702 - apscheduler.executors.default - INFO - Running job "consultar_notas (trigger: interval[0:01:00], next run at: 2025-10-14 22:29:38 -03)" (scheduled at 2025-10-14 22:28:38.697165-03:00)
2025-10-14 22:28:38,704 - SchedulerService - INFO - 🔍 Iniciando job: consultar_notas
2025-10-14 22:28:48,789 - SchedulerService - INFO - ✅ consultar_notas: Job executado com sucesso
2025-10-14 22:28:48,789 - apscheduler.executors.default - INFO - Job "consultar_notas (trigger: interval[0:01:00], next run at: 2025-10-14 22:29:38 -03)" executed successfully
2025-10-14 22:29:38,702 - apscheduler.executors.default - INFO - Running job "consultar_notas (trigger: interval[0:01:00], next run at: 2025-10-14 22:30:38 -03)" (scheduled at 2025-10-14 22:29:38.697165-03:00)
2025-10-14 22:29:38,704 - SchedulerService - INFO - 🔍 Iniciando job: consultar_notas
2025-10-14 22:29:48,741 - SchedulerService - INFO - ✅ consultar_notas: Job executado com sucesso
2025-10-14 22:29:48,742 - apscheduler.executors.default - INFO - Job "consultar_notas (trigger: interval[0:01:00], next run at: 2025-10-14 22:30:38 -03)" executed successfully
2025-10-14 22:30:38,704 - apscheduler.executors.default - INFO - Running job "consultar_notas (trigger: interval[0:01:00], next run at: 2025-10-14 22:31:38 -03)" (scheduled at 2025-10-14 22:30:38.697165-03:00)
2025-10-14 22:30:38,707 - SchedulerService - INFO - 🔍 Iniciando job: consultar_notas
2025-10-14 22:30:48,788 - SchedulerService - INFO - ✅ consultar_notas: Job executado com sucesso
2025-10-14 22:30:48,788 - apscheduler.executors.default - INFO - Job "consultar_notas (trigger: interval[0:01:00], next run at: 2025-10-14 22:31:38 -03)" executed successfully
2025-10-14 22:31:38,708 - apscheduler.executors.default - INFO - Running job "consultar_notas (trigger: interval[0:01:00], next run at: 2025-10-14 22:32:38 -03)" (scheduled at 2025-10-14 22:31:38.697165-03:00)
2025-10-14 22:31:38,710 - SchedulerService - INFO - 🔍 Iniciando job: consultar_notas
2025-10-14 22:31:49,383 - SchedulerService - INFO - ✅ consultar_notas: Job executado com sucesso
2025-10-14 22:31:49,383 - apscheduler.executors.default - INFO - Job "consultar_notas (trigger: interval[0:01:00], next run at: 2025-10-14 22:32:38 -03)" executed successfully
2025-10-14 22:32:38,700 - apscheduler.executors.default - INFO - Running job "consultar_notas (trigger: interval[0:01:00], next run at: 2025-10-14 22:33:38 -03)" (scheduled at 2025-10-14 22:32:38.697165-03:00)
2025-10-14 22:32:38,702 - SchedulerService - INFO - 🔍 Iniciando job: consultar_notas
2025-10-14 22:32:49,227 - SchedulerService - INFO - ✅ consultar_notas: Job executado com sucesso
2025-10-14 22:32:49,227 - apscheduler.executors.default - INFO - Job "consultar_notas (trigger: interval[0:01:00], next run at: 2025-10-14 22:33:38 -03)" executed successfully
2025-10-14 22:33:38,709 - apscheduler.executors.default - INFO - Running job "consultar_notas (trigger: interval[0:01:00], next run at: 2025-10-14 22:34:38 -03)" (scheduled at 2025-10-14 22:33:38.697165-03:00)
2025-10-14 22:33:38,711 - SchedulerService - INFO - 🔍 Iniciando job: consultar_notas
2025-10-14 22:33:49,343 - SchedulerService - INFO - ✅ consultar_notas: Job executado com sucesso
2025-10-14 22:33:49,343 - apscheduler.executors.default - INFO - Job "consultar_notas (trigger: interval[0:01:00], next run at: 2025-10-14 22:34:38 -03)" executed successfully
2025-10-14 22:34:38,698 - apscheduler.executors.default - INFO - Running job "consultar_notas (trigger: interval[0:01:00], next run at: 2025-10-14 22:35:38 -03)" (scheduled at 2025-10-14 22:34:38.697165-03:00)
2025-10-14 22:34:38,700 - SchedulerService - INFO - 🔍 Iniciando job: consultar_notas
2025-10-14 22:34:49,238 - SchedulerService - INFO - ✅ consultar_notas: Job executado com sucesso
2025-10-14 22:34:49,239 - apscheduler.executors.default - INFO - Job "consultar_notas (trigger: interval[0:01:00], next run at: 2025-10-14 22:35:38 -03)" executed successfully
2025-10-14 22:35:38,702 - apscheduler.executors.default - INFO - Running job "consultar_notas (trigger: interval[0:01:00], next run at: 2025-10-14 22:36:38 -03)" (scheduled at 2025-10-14 22:35:38.697165-03:00)
2025-10-14 22:35:38,704 - SchedulerService - INFO - 🔍 Iniciando job: consultar_notas
2025-10-14 22:35:50,120 - SchedulerService - INFO - ✅ consultar_notas: Job executado com sucesso
2025-10-14 22:35:50,120 - apscheduler.executors.default - INFO - Job "consultar_notas (trigger: interval[0:01:00], next run at: 2025-10-14 22:36:38 -03)" executed successfully
2025-10-14 22:36:38,710 - apscheduler.executors.default - INFO - Running job "consultar_notas (trigger: interval[0:01:00], next run at: 2025-10-14 22:37:38 -03)" (scheduled at 2025-10-14 22:36:38.697165-03:00)
2025-10-14 22:36:38,712 - SchedulerService - INFO - 🔍 Iniciando job: consultar_notas
2025-10-14 22:36:49,545 - SchedulerService - INFO - ✅ consultar_notas: Job executado com sucesso
2025-10-14 22:36:49,546 - apscheduler.executors.default - INFO - Job "consultar_notas (trigger: interval[0:01:00], next run at: 2025-10-14 22:37:38 -03)" executed successfully
2025-10-14 22:37:38,704 - apscheduler.executors.default - INFO - Running job "consultar_notas (trigger: interval[0:01:00], next run at: 2025-10-14 22:38:38 -03)" (scheduled at 2025-10-14 22:37:38.697165-03:00)
2025-10-14 22:37:38,706 - SchedulerService - INFO - 🔍 Iniciando job: consultar_notas
2025-10-14 22:37:48,726 - SchedulerService - INFO - ✅ consultar_notas: Job executado com sucesso
2025-10-14 22:37:48,727 - apscheduler.executors.default - INFO - Job "consultar_notas (trigger: interval[0:01:00], next run at: 2025-10-14 22:38:38 -03)" executed successfully
2025-10-14 22:38:38,702 - apscheduler.executors.default - INFO - Running job "consultar_notas (trigger: interval[0:01:00], next run at: 2025-10-14 22:39:38 -03)" (scheduled at 2025-10-14 22:38:38.697165-03:00)
2025-10-14 22:38:38,703 - SchedulerService - INFO - 🔍 Iniciando job: consultar_notas
2025-10-14 22:38:49,339 - SchedulerService - INFO - ✅ consultar_notas: Job executado com sucesso
2025-10-14 22:38:49,340 - apscheduler.executors.default - INFO - Job "consultar_notas (trigger: interval[0:01:00], next run at: 2025-10-14 22:39:38 -03)" executed successfully
2025-10-14 22:39:38,703 - apscheduler.executors.default - INFO - Running job "consultar_notas (trigger: interval[0:01:00], next run at: 2025-10-14 22:40:38 -03)" (scheduled at 2025-10-14 22:39:38.697165-03:00)
2025-10-14 22:39:38,706 - SchedulerService - INFO - 🔍 Iniciando job: consultar_notas
2025-10-14 22:39:49,284 - SchedulerService - INFO - ✅ consultar_notas: Job executado com sucesso
2025-10-14 22:39:49,284 - apscheduler.executors.default - INFO - Job "consultar_notas (trigger: interval[0:01:00], next run at: 2025-10-14 22:40:38 -03)" executed successfully
2025-10-14 22:40:38,700 - apscheduler.executors.default - INFO - Running job "consultar_notas (trigger: interval[0:01:00], next run at: 2025-10-14 22:41:38 -03)" (scheduled at 2025-10-14 22:40:38.697165-03:00)
2025-10-14 22:40:38,702 - SchedulerService - INFO - 🔍 Iniciando job: consultar_notas
2025-10-14 22:40:48,712 - SchedulerService - INFO - ✅ consultar_notas: Job executado com sucesso
2025-10-14 22:40:48,713 - apscheduler.executors.default - INFO - Job "consultar_notas (trigger: interval[0:01:00], next run at: 2025-10-14 22:41:38 -03)" executed successfully
2025-10-14 22:41:38,708 - apscheduler.executors.default - INFO - Running job "consultar_notas (trigger: interval[0:01:00], next run at: 2025-10-14 22:42:38 -03)" (scheduled at 2025-10-14 22:41:38.697165-03:00)
2025-10-14 22:41:38,710 - SchedulerService - INFO - 🔍 Iniciando job: consultar_notas
2025-10-14 22:41:48,944 - SchedulerService - INFO - ✅ consultar_notas: Job executado com sucesso
2025-10-14 22:41:48,945 - apscheduler.executors.default - INFO - Job "consultar_notas (trigger: interval[0:01:00], next run at: 2025-10-14 22:42:38 -03)" executed successfully
2025-10-14 22:42:38,704 - apscheduler.executors.default - INFO - Running job "consultar_notas (trigger: interval[0:01:00], next run at: 2025-10-14 22:43:38 -03)" (scheduled at 2025-10-14 22:42:38.697165-03:00)
2025-10-14 22:42:38,706 - SchedulerService - INFO - 🔍 Iniciando job: consultar_notas
2025-10-14 22:42:48,742 - SchedulerService - INFO - ✅ consultar_notas: Job executado com sucesso
2025-10-14 22:42:48,743 - apscheduler.executors.default - INFO - Job "consultar_notas (trigger: interval[0:01:00], next run at: 2025-10-14 22:43:38 -03)" executed successfully
2025-10-14 22:43:38,703 - apscheduler.executors.default - INFO - Running job "consultar_notas (trigger: interval[0:01:00], next run at: 2025-10-14 22:44:38 -03)" (scheduled at 2025-10-14 22:43:38.697165-03:00)
2025-10-14 22:43:38,706 - SchedulerService - INFO - 🔍 Iniciando job: consultar_notas
2025-10-14 22:43:48,722 - SchedulerService - INFO - ✅ consultar_notas: Job executado com sucesso
2025-10-14 22:43:48,723 - apscheduler.executors.default - INFO - Job "consultar_notas (trigger: interval[0:01:00], next run at: 2025-10-14 22:44:38 -03)" executed successfully
2025-10-14 22:44:38,698 - apscheduler.executors.default - INFO - Running job "consultar_notas (trigger: interval[0:01:00], next run at: 2025-10-14 22:45:38 -03)" (scheduled at 2025-10-14 22:44:38.697165-03:00)
2025-10-14 22:44:38,700 - SchedulerService - INFO - 🔍 Iniciando job: consultar_notas
2025-10-14 22:44:48,745 - SchedulerService - INFO - ✅ consultar_notas: Job executado com sucesso
2025-10-14 22:44:48,747 - apscheduler.executors.default - INFO - Job "consultar_notas (trigger: interval[0:01:00], next run at: 2025-10-14 22:45:38 -03)" executed successfully
2025-10-14 22:45:38,709 - apscheduler.executors.default - INFO - Running job "consultar_notas (trigger: interval[0:01:00], next run at: 2025-10-14 22:46:38 -03)" (scheduled at 2025-10-14 22:45:38.697165-03:00)
2025-10-14 22:45:38,711 - SchedulerService - INFO - 🔍 Iniciando job: consultar_notas
2025-10-14 22:45:48,737 - SchedulerService - INFO - ✅ consultar_notas: Job executado com sucesso
2025-10-14 22:45:48,738 - apscheduler.executors.default - INFO - Job "consultar_notas (trigger: interval[0:01:00], next run at: 2025-10-14 22:46:38 -03)" executed successfully
2025-10-14 22:46:38,708 - apscheduler.executors.default - INFO - Running job "consultar_notas (trigger: interval[0:01:00], next run at: 2025-10-14 22:47:38 -03)" (scheduled at 2025-10-14 22:46:38.697165-03:00)
2025-10-14 22:46:38,710 - SchedulerService - INFO - 🔍 Iniciando job: consultar_notas
2025-10-14 22:46:48,634 - SchedulerService - INFO - ✅ consultar_notas: Job executado com sucesso
2025-10-14 22:46:48,634 - apscheduler.executors.default - INFO - Job "consultar_notas (trigger: interval[0:01:00], next run at: 2025-10-14 22:47:38 -03)" executed successfully
2025-10-14 22:47:38,697 - apscheduler.executors.default - INFO - Running job "consultar_notas (trigger: interval[0:01:00], next run at: 2025-10-14 22:48:38 -03)" (scheduled at 2025-10-14 22:47:38.697165-03:00)
2025-10-14 22:47:38,698 - SchedulerService - INFO - 🔍 Iniciando job: consultar_notas
2025-10-14 22:47:48,598 - SchedulerService - INFO - ✅ consultar_notas: Job executado com sucesso
2025-10-14 22:47:48,599 - apscheduler.executors.default - INFO - Job "consultar_notas (trigger: interval[0:01:00], next run at: 2025-10-14 22:48:38 -03)" executed successfully
2025-10-14 22:48:38,705 - apscheduler.executors.default - INFO - Running job "consultar_notas (trigger: interval[0:01:00], next run at: 2025-10-14 22:49:38 -03)" (scheduled at 2025-10-14 22:48:38.697165-03:00)
2025-10-14 22:48:38,706 - SchedulerService - INFO - 🔍 Iniciando job: consultar_notas
2025-10-14 22:48:48,832 - SchedulerService - INFO - ✅ consultar_notas: Job executado com sucesso
2025-10-14 22:48:48,832 - apscheduler.executors.default - INFO - Job "consultar_notas (trigger: interval[0:01:00], next run at: 2025-10-14 22:49:38 -03)" executed successfully
2025-10-14 22:49:38,706 - apscheduler.executors.default - INFO - Running job "consultar_notas (trigger: interval[0:01:00], next run at: 2025-10-14 22:50:38 -03)" (scheduled at 2025-10-14 22:49:38.697165-03:00)
2025-10-14 22:49:38,709 - SchedulerService - INFO - 🔍 Iniciando job: consultar_notas
2025-10-14 22:49:48,634 - SchedulerService - INFO - ✅ consultar_notas: Job executado com sucesso
2025-10-14 22:49:48,634 - apscheduler.executors.default - INFO - Job "consultar_notas (trigger: interval[0:01:00], next run at: 2025-10-14 22:50:38 -03)" executed successfully
2025-10-14 22:50:38,702 - apscheduler.executors.default - INFO - Running job "consultar_notas (trigger: interval[0:01:00], next run at: 2025-10-14 22:51:38 -03)" (scheduled at 2025-10-14 22:50:38.697165-03:00)
2025-10-14 22:50:38,704 - SchedulerService - INFO - 🔍 Iniciando job: consultar_notas
2025-10-14 22:50:48,619 - SchedulerService - INFO - ✅ consultar_notas: Job executado com sucesso
2025-10-14 22:50:48,619 - apscheduler.executors.default - INFO - Job "consultar_notas (trigger: interval[0:01:00], next run at: 2025-10-14 22:51:38 -03)" executed successfully
2025-10-14 22:51:38,706 - apscheduler.executors.default - INFO - Running job "consultar_notas (trigger: interval[0:01:00], next run at: 2025-10-14 22:52:38 -03)" (scheduled at 2025-10-14 22:51:38.697165-03:00)
2025-10-14 22:51:38,708 - SchedulerService - INFO - 🔍 Iniciando job: consultar_notas
2025-10-14 22:51:48,674 - SchedulerService - INFO - ✅ consultar_notas: Job executado com sucesso
2025-10-14 22:51:48,674 - apscheduler.executors.default - INFO - Job "consultar_notas (trigger: interval[0:01:00], next run at: 2025-10-14 22:52:38 -03)" executed successfully
2025-10-14 22:52:38,700 - apscheduler.executors.default - INFO - Running job "consultar_notas (trigger: interval[0:01:00], next run at: 2025-10-14 22:53:38 -03)" (scheduled at 2025-10-14 22:52:38.697165-03:00)
2025-10-14 22:52:38,701 - SchedulerService - INFO - 🔍 Iniciando job: consultar_notas
2025-10-14 22:52:48,673 - SchedulerService - INFO - ✅ consultar_notas: Job executado com sucesso
2025-10-14 22:52:48,674 - apscheduler.executors.default - INFO - Job "consultar_notas (trigger: interval[0:01:00], next run at: 2025-10-14 22:53:38 -03)" executed successfully
2025-10-14 22:53:38,701 - apscheduler.executors.default - INFO - Running job "consultar_notas (trigger: interval[0:01:00], next run at: 2025-10-14 22:54:38 -03)" (scheduled at 2025-10-14 22:53:38.697165-03:00)
2025-10-14 22:53:38,702 - SchedulerService - INFO - 🔍 Iniciando job: consultar_notas
2025-10-14 22:53:48,556 - SchedulerService - INFO - ✅ consultar_notas: Job executado com sucesso
2025-10-14 22:53:48,557 - apscheduler.executors.default - INFO - Job "consultar_notas (trigger: interval[0:01:00], next run at: 2025-10-14 22:54:38 -03)" executed successfully
2025-10-14 22:54:38,702 - apscheduler.executors.default - INFO - Running job "consultar_notas (trigger: interval[0:01:00], next run at: 2025-10-14 22:55:38 -03)" (scheduled at 2025-10-14 22:54:38.697165-03:00)
2025-10-14 22:54:38,704 - SchedulerService - INFO - 🔍 Iniciando job: consultar_notas
2025-10-14 22:54:48,614 - SchedulerService - INFO - ✅ consultar_notas: Job executado com sucesso
2025-10-14 22:54:48,615 - apscheduler.executors.default - INFO - Job "consultar_notas (trigger: interval[0:01:00], next run at: 2025-10-14 22:55:38 -03)" executed successfully
2025-10-14 22:55:38,704 - apscheduler.executors.default - INFO - Running job "consultar_notas (trigger: interval[0:01:00], next run at: 2025-10-14 22:56:38 -03)" (scheduled at 2025-10-14 22:55:38.697165-03:00)
2025-10-14 22:55:38,705 - SchedulerService - INFO - 🔍 Iniciando job: consultar_notas
2025-10-14 22:55:48,745 - SchedulerService - INFO - ✅ consultar_notas: Job executado com sucesso
2025-10-14 22:55:48,746 - apscheduler.executors.default - INFO - Job "consultar_notas (trigger: interval[0:01:00], next run at: 2025-10-14 22:56:38 -03)" executed successfully
2025-10-14 22:56:38,706 - apscheduler.executors.default - INFO - Running job "consultar_notas (trigger: interval[0:01:00], next run at: 2025-10-14 22:57:38 -03)" (scheduled at 2025-10-14 22:56:38.697165-03:00)
2025-10-14 22:56:38,708 - SchedulerService - INFO - 🔍 Iniciando job: consultar_notas
2025-10-14 22:56:48,662 - SchedulerService - INFO - ✅ consultar_notas: Job executado com sucesso
2025-10-14 22:56:48,663 - apscheduler.executors.default - INFO - Job "consultar_notas (trigger: interval[0:01:00], next run at: 2025-10-14 22:57:38 -03)" executed successfully
2025-10-14 22:57:38,698 - apscheduler.executors.default - INFO - Running job "consultar_notas (trigger: interval[0:01:00], next run at: 2025-10-14 22:58:38 -03)" (scheduled at 2025-10-14 22:57:38.697165-03:00)
2025-10-14 22:57:38,699 - SchedulerService - INFO - 🔍 Iniciando job: consultar_notas
2025-10-14 22:57:48,837 - SchedulerService - INFO - ✅ consultar_notas: Job executado com sucesso
2025-10-14 22:57:48,837 - apscheduler.executors.default - INFO - Job "consultar_notas (trigger: interval[0:01:00], next run at: 2025-10-14 22:58:38 -03)" executed successfully
2025-10-14 22:58:38,712 - apscheduler.executors.default - INFO - Running job "consultar_notas (trigger: interval[0:01:00], next run at: 2025-10-14 22:59:38 -03)" (scheduled at 2025-10-14 22:58:38.697165-03:00)
2025-10-14 22:58:38,715 - SchedulerService - INFO - 🔍 Iniciando job: consultar_notas
2025-10-14 22:58:48,615 - SchedulerService - INFO - ✅ consultar_notas: Job executado com sucesso
2025-10-14 22:58:48,616 - apscheduler.executors.default - INFO - Job "consultar_notas (trigger: interval[0:01:00], next run at: 2025-10-14 22:59:38 -03)" executed successfully
2025-10-14 22:59:38,706 - apscheduler.executors.default - INFO - Running job "consultar_notas (trigger: interval[0:01:00], next run at: 2025-10-14 23:00:38 -03)" (scheduled at 2025-10-14 22:59:38.697165-03:00)
2025-10-14 22:59:38,708 - SchedulerService - INFO - 🔍 Iniciando job: consultar_notas
2025-10-14 22:59:48,853 - SchedulerService - INFO - ✅ consultar_notas: Job executado com sucesso
2025-10-14 22:59:48,854 - apscheduler.executors.default - INFO - Job "consultar_notas (trigger: interval[0:01:00], next run at: 2025-10-14 23:00:38 -03)" executed successfully
2025-10-14 23:00:38,709 - apscheduler.executors.default - INFO - Running job "consultar_notas (trigger: interval[0:01:00], next run at: 2025-10-14 23:01:38 -03)" (scheduled at 2025-10-14 23:00:38.697165-03:00)
2025-10-14 23:00:38,712 - SchedulerService - INFO - 🔍 Iniciando job: consultar_notas
2025-10-14 23:00:49,008 - SchedulerService - INFO - ✅ consultar_notas: Job executado com sucesso
2025-10-14 23:00:49,009 - apscheduler.executors.default - INFO - Job "consultar_notas (trigger: interval[0:01:00], next run at: 2025-10-14 23:01:38 -03)" executed successfully
2025-10-14 23:01:38,703 - apscheduler.executors.default - INFO - Running job "consultar_notas (trigger: interval[0:01:00], next run at: 2025-10-14 23:02:38 -03)" (scheduled at 2025-10-14 23:01:38.697165-03:00)
2025-10-14 23:01:38,706 - SchedulerService - INFO - 🔍 Iniciando job: consultar_notas
2025-10-14 23:01:49,191 - SchedulerService - INFO - ✅ consultar_notas: Job executado com sucesso
2025-10-14 23:01:49,192 - apscheduler.executors.default - INFO - Job "consultar_notas (trigger: interval[0:01:00], next run at: 2025-10-14 23:02:38 -03)" executed successfully
2025-10-14 23:02:38,705 - apscheduler.executors.default - INFO - Running job "consultar_notas (trigger: interval[0:01:00], next run at: 2025-10-14 23:03:38 -03)" (scheduled at 2025-10-14 23:02:38.697165-03:00)
2025-10-14 23:02:38,707 - SchedulerService - INFO - 🔍 Iniciando job: consultar_notas
2025-10-14 23:02:38,708 - apscheduler.executors.default - INFO - Running job "enviar_api (trigger: interval[1:40:00], next run at: 2025-10-14 23:02:38 -03)" (scheduled at 2025-10-14 23:02:38.707024-03:00)
2025-10-14 23:02:38,709 - SchedulerService - INFO - 📤 Iniciando job: enviar_api
2025-10-14 23:02:49,034 - SchedulerService - INFO - ✅ consultar_notas: Job executado com sucesso
2025-10-14 23:02:49,035 - apscheduler.executors.default - INFO - Job "consultar_notas (trigger: interval[0:01:00], next run at: 2025-10-14 23:03:38 -03)" executed successfully
2025-10-14 23:02:52,198 - SchedulerService - INFO - ✅ enviar_api: Processados: 11, Sucesso: 10, Erros: 1
2025-10-14 23:02:52,199 - apscheduler.executors.default - INFO - Job "enviar_api (trigger: interval[1:40:00], next run at: 2025-10-15 00:42:38 -03)" executed successfully
2025-10-14 23:03:38,705 - apscheduler.executors.default - INFO - Running job "consultar_notas (trigger: interval[0:01:00], next run at: 2025-10-14 23:04:38 -03)" (scheduled at 2025-10-14 23:03:38.697165-03:00)
2025-10-14 23:03:38,707 - SchedulerService - INFO - 🔍 Iniciando job: consultar_notas
2025-10-14 23:03:59,078 - SchedulerService - INFO - ✅ consultar_notas: Job executado com sucesso
2025-10-14 23:03:59,078 - apscheduler.executors.default - INFO - Job "consultar_notas (trigger: interval[0:01:00], next run at: 2025-10-14 23:04:38 -03)" executed successfully
2025-10-14 23:04:38,703 - apscheduler.executors.default - INFO - Running job "consultar_notas (trigger: interval[0:01:00], next run at: 2025-10-14 23:05:38 -03)" (scheduled at 2025-10-14 23:04:38.697165-03:00)
2025-10-14 23:04:38,705 - SchedulerService - INFO - 🔍 Iniciando job: consultar_notas
2025-10-14 23:04:59,543 - SchedulerService - INFO - ✅ consultar_notas: Job executado com sucesso
2025-10-14 23:04:59,544 - apscheduler.executors.default - INFO - Job "consultar_notas (trigger: interval[0:01:00], next run at: 2025-10-14 23:05:38 -03)" executed successfully
2025-10-14 23:05:38,705 - apscheduler.executors.default - INFO - Running job "consultar_notas (trigger: interval[0:01:00], next run at: 2025-10-14 23:06:38 -03)" (scheduled at 2025-10-14 23:05:38.697165-03:00)
2025-10-14 23:05:38,707 - SchedulerService - INFO - 🔍 Iniciando job: consultar_notas
2025-10-14 23:05:59,711 - SchedulerService - INFO - ✅ consultar_notas: Job executado com sucesso
2025-10-14 23:05:59,711 - apscheduler.executors.default - INFO - Job "consultar_notas (trigger: interval[0:01:00], next run at: 2025-10-14 23:06:38 -03)" executed successfully
2025-10-14 23:06:38,699 - apscheduler.executors.default - INFO - Running job "consultar_notas (trigger: interval[0:01:00], next run at: 2025-10-14 23:07:38 -03)" (scheduled at 2025-10-14 23:06:38.697165-03:00)
2025-10-14 23:06:38,700 - SchedulerService - INFO - 🔍 Iniciando job: consultar_notas
2025-10-14 23:06:59,014 - SchedulerService - INFO - ✅ consultar_notas: Job executado com sucesso
2025-10-14 23:06:59,015 - apscheduler.executors.default - INFO - Job "consultar_notas (trigger: interval[0:01:00], next run at: 2025-10-14 23:07:38 -03)" executed successfully
2025-10-14 23:07:38,709 - apscheduler.executors.default - INFO - Running job "consultar_notas (trigger: interval[0:01:00], next run at: 2025-10-14 23:08:38 -03)" (scheduled at 2025-10-14 23:07:38.697165-03:00)
2025-10-14 23:07:38,711 - SchedulerService - INFO - 🔍 Iniciando job: consultar_notas
2025-10-14 23:07:58,660 - SchedulerService - INFO - ✅ consultar_notas: Job executado com sucesso
2025-10-14 23:07:58,661 - apscheduler.executors.default - INFO - Job "consultar_notas (trigger: interval[0:01:00], next run at: 2025-10-14 23:08:38 -03)" executed successfully
2025-10-14 23:08:38,704 - apscheduler.executors.default - INFO - Running job "consultar_notas (trigger: interval[0:01:00], next run at: 2025-10-14 23:09:38 -03)" (scheduled at 2025-10-14 23:08:38.697165-03:00)
2025-10-14 23:08:38,706 - SchedulerService - INFO - 🔍 Iniciando job: consultar_notas
2025-10-14 23:09:02,431 - SchedulerService - INFO - ✅ consultar_notas: Job executado com sucesso
2025-10-14 23:09:02,432 - apscheduler.executors.default - INFO - Job "consultar_notas (trigger: interval[0:01:00], next run at: 2025-10-14 23:09:38 -03)" executed successfully
2025-10-14 23:09:38,700 - apscheduler.executors.default - INFO - Running job "consultar_notas (trigger: interval[0:01:00], next run at: 2025-10-14 23:10:38 -03)" (scheduled at 2025-10-14 23:09:38.697165-03:00)
2025-10-14 23:09:38,701 - SchedulerService - INFO - 🔍 Iniciando job: consultar_notas
2025-10-14 23:10:00,461 - SchedulerService - INFO - ✅ consultar_notas: Job executado com sucesso
2025-10-14 23:10:00,462 - apscheduler.executors.default - INFO - Job "consultar_notas (trigger: interval[0:01:00], next run at: 2025-10-14 23:10:38 -03)" executed successfully
2025-10-14 23:10:38,701 - apscheduler.executors.default - INFO - Running job "consultar_notas (trigger: interval[0:01:00], next run at: 2025-10-14 23:11:38 -03)" (scheduled at 2025-10-14 23:10:38.697165-03:00)
2025-10-14 23:10:38,703 - SchedulerService - INFO - 🔍 Iniciando job: consultar_notas
2025-10-14 23:10:58,551 - SchedulerService - INFO - ✅ consultar_notas: Job executado com sucesso
2025-10-14 23:10:58,552 - apscheduler.executors.default - INFO - Job "consultar_notas (trigger: interval[0:01:00], next run at: 2025-10-14 23:11:38 -03)" executed successfully
2025-10-14 23:11:38,704 - apscheduler.executors.default - INFO - Running job "consultar_notas (trigger: interval[0:01:00], next run at: 2025-10-14 23:12:38 -03)" (scheduled at 2025-10-14 23:11:38.697165-03:00)
2025-10-14 23:11:38,706 - SchedulerService - INFO - 🔍 Iniciando job: consultar_notas
2025-10-14 23:12:00,419 - SchedulerService - INFO - ✅ consultar_notas: Job executado com sucesso
2025-10-14 23:12:00,420 - apscheduler.executors.default - INFO - Job "consultar_notas (trigger: interval[0:01:00], next run at: 2025-10-14 23:12:38 -03)" executed successfully
2025-10-14 23:12:38,707 - apscheduler.executors.default - INFO - Running job "consultar_notas (trigger: interval[0:01:00], next run at: 2025-10-14 23:13:38 -03)" (scheduled at 2025-10-14 23:12:38.697165-03:00)
2025-10-14 23:12:38,707 - SchedulerService - INFO - 🔍 Iniciando job: consultar_notas
2025-10-14 23:13:02,486 - SchedulerService - INFO - ✅ consultar_notas: Job executado com sucesso
2025-10-14 23:13:02,487 - apscheduler.executors.default - INFO - Job "consultar_notas (trigger: interval[0:01:00], next run at: 2025-10-14 23:13:38 -03)" executed successfully
2025-10-14 23:13:38,704 - apscheduler.executors.default - INFO - Running job "consultar_notas (trigger: interval[0:01:00], next run at: 2025-10-14 23:14:38 -03)" (scheduled at 2025-10-14 23:13:38.697165-03:00)
2025-10-14 23:13:38,706 - SchedulerService - INFO - 🔍 Iniciando job: consultar_notas
2025-10-14 23:13:58,712 - SchedulerService - INFO - ✅ consultar_notas: Job executado com sucesso
2025-10-14 23:13:58,713 - apscheduler.executors.default - INFO - Job "consultar_notas (trigger: interval[0:01:00], next run at: 2025-10-14 23:14:38 -03)" executed successfully
2025-10-14 23:14:38,702 - apscheduler.executors.default - INFO - Running job "consultar_notas (trigger: interval[0:01:00], next run at: 2025-10-14 23:15:38 -03)" (scheduled at 2025-10-14 23:14:38.697165-03:00)
2025-10-14 23:14:38,704 - SchedulerService - INFO - 🔍 Iniciando job: consultar_notas
2025-10-14 23:15:00,080 - SchedulerService - INFO - ✅ consultar_notas: Job executado com sucesso
2025-10-14 23:15:00,083 - apscheduler.executors.default - INFO - Job "consultar_notas (trigger: interval[0:01:00], next run at: 2025-10-14 23:15:38 -03)" executed successfully
2025-10-14 23:15:38,706 - apscheduler.executors.default - INFO - Running job "consultar_notas (trigger: interval[0:01:00], next run at: 2025-10-14 23:16:38 -03)" (scheduled at 2025-10-14 23:15:38.697165-03:00)
2025-10-14 23:15:38,709 - SchedulerService - INFO - 🔍 Iniciando job: consultar_notas
2025-10-14 23:15:59,498 - SchedulerService - INFO - ✅ consultar_notas: Job executado com sucesso
2025-10-14 23:15:59,499 - apscheduler.executors.default - INFO - Job "consultar_notas (trigger: interval[0:01:00], next run at: 2025-10-14 23:16:38 -03)" executed successfully
2025-10-14 23:16:38,701 - apscheduler.executors.default - INFO - Running job "consultar_notas (trigger: interval[0:01:00], next run at: 2025-10-14 23:17:38 -03)" (scheduled at 2025-10-14 23:16:38.697165-03:00)
2025-10-14 23:16:38,704 - SchedulerService - INFO - 🔍 Iniciando job: consultar_notas
2025-10-14 23:16:59,038 - SchedulerService - INFO - ✅ consultar_notas: Job executado com sucesso
2025-10-14 23:16:59,041 - apscheduler.executors.default - INFO - Job "consultar_notas (trigger: interval[0:01:00], next run at: 2025-10-14 23:17:38 -03)" executed successfully
2025-10-14 23:17:38,704 - apscheduler.executors.default - INFO - Running job "consultar_notas (trigger: interval[0:01:00], next run at: 2025-10-14 23:18:38 -03)" (scheduled at 2025-10-14 23:17:38.697165-03:00)
2025-10-14 23:17:38,704 - SchedulerService - INFO - 🔍 Iniciando job: consultar_notas
2025-10-14 23:17:55,019 - SchedulerService - INFO - 🔄 Recarregando configurações...
2025-10-14 23:17:55,019 - SchedulerService - INFO - ⚙️  Configurando jobs...
2025-10-14 23:17:55,033 - apscheduler.scheduler - INFO - Added job "consultar_notas" to job store "default"
2025-10-14 23:17:55,038 - SchedulerService - INFO - ✅ Job 'consultar_notas' configurado: a cada 5 minutos
2025-10-14 23:17:55,039 - apscheduler.scheduler - INFO - Added job "enviar_api" to job store "default"
2025-10-14 23:17:55,045 - SchedulerService - INFO - ✅ Job 'enviar_api' configurado: a cada 100 minutos
2025-10-14 23:17:55,045 - SchedulerService - INFO - ✅ Configuração de jobs concluída
2025-10-14 23:17:59,059 - SchedulerService - INFO - ✅ consultar_notas: Job executado com sucesso
2025-10-14 23:17:59,060 - apscheduler.executors.default - INFO - Job "consultar_notas (trigger: interval[0:01:00], next run at: 2025-10-14 23:18:38 -03)" executed successfully
2025-10-14 23:22:55,090 - apscheduler.executors.default - INFO - Running job "consultar_notas (trigger: interval[0:05:00], next run at: 2025-10-14 23:27:55 -03)" (scheduled at 2025-10-14 23:22:55.025501-03:00)
2025-10-14 23:22:55,094 - SchedulerService - INFO - 🔍 Iniciando job: consultar_notas
2025-10-14 23:23:15,983 - SchedulerService - INFO - ✅ consultar_notas: Job executado com sucesso
2025-10-14 23:23:15,985 - apscheduler.executors.default - INFO - Job "consultar_notas (trigger: interval[0:05:00], next run at: 2025-10-14 23:27:55 -03)" executed successfully
2025-10-14 23:27:55,028 - apscheduler.executors.default - INFO - Running job "consultar_notas (trigger: interval[0:05:00], next run at: 2025-10-14 23:32:55 -03)" (scheduled at 2025-10-14 23:27:55.025501-03:00)
2025-10-14 23:27:55,031 - SchedulerService - INFO - 🔍 Iniciando job: consultar_notas
2025-10-14 23:28:15,418 - SchedulerService - INFO - ✅ consultar_notas: Job executado com sucesso
2025-10-14 23:28:15,419 - apscheduler.executors.default - INFO - Job "consultar_notas (trigger: interval[0:05:00], next run at: 2025-10-14 23:32:55 -03)" executed successfully
